valast.Addr(&[1]float32{float32(1)}).(**[1]float32)