map[string]int32{"bar": int32(64), "foo": int32(32)}